// Jest Snapshot v1, https://goo.gl/fbAQLP

exports[`exported should return html 1`] = `"<div><h1>hankei6km/gas-gh-repo-files-to-html/main</h1><p>owner: hankei6km, repo: gas-gh-repo-files-to-html, ref: main, host: github.com, rawContentHost: raw.githubusercontent.com</p><h2>files</h2><h3>images/hiragana.png</h3><img src="https://raw.githubusercontent.com/hankei6km/gas-gh-repo-files-to-html/main/images/hiragana.png"></div>"`;
